// Jest Snapshot v1, https://goo.gl/fbAQLP

exports[`<CityLookup /> snapshots render snapshot correctly 1`] = `
<div
  className="city-lookup"
>
  <input
    className="form-control"
    onChange={[Function]}
    type="text"
  />
  <div />
</div>
`;
