// Jest Snapshot v1, https://goo.gl/fbAQLP

exports[`<IdleTimerContainer /> snapshots Render IdleTimerContainer component 1`] = `null`;
