// Jest Snapshot v1, https://goo.gl/fbAQLP

exports[`TermAndConditions Page snapshots render TermAndConditions Page 1`] = `
<div>
  I'm Term Page
</div>
`;
