// Jest Snapshot v1, https://goo.gl/fbAQLP

exports[`<HeaderMessages /> snapshots render snapshot with messages 1`] = `
<li
  className="dropdown nav-item"
  onKeyDown={[Function]}
>
  <a
    aria-expanded={false}
    aria-haspopup={true}
    className="nav-link"
    href="#"
    onClick={[Function]}
  >
    <div
      className="icon-with-badge undefined"
    >
      <i
        className="fa fa-envelope-o fa-fw"
      />
      <span
        className="icon-with-badge__badge badge badge-secondary badge-pill"
      >
        1
      </span>
    </div>
  </a>
  <div
    aria-hidden={true}
    className="extended-dropdown dropdown-menu dropdown-menu-right"
    role="menu"
    style={
      Object {
        "width": "100vw",
      }
    }
    tabIndex="-1"
  >
    <div
      className="extended-dropdown__section d-flex justify-content-between align-items-center"
    >
      <h6
        className="mb-0"
      >
        Messages
      </h6>
      <i
        className="fa fa-pencil"
      />
    </div>
    <div
      className="extended-dropdown__section"
    >
      <div
        className="input-group"
      >
        <input
          className="headerMessages--search__input form-control"
          placeholder="Search Messages..."
          type="text"
        />
        <div
          className="headerMessages--search__append input-group-append"
        >
          <div
            className="headerMessages--search__icon"
          >
            <i
              className="fa fa-search"
            />
          </div>
        </div>
      </div>
    </div>
    <div
      className="extended-dropdown__section extended-dropdown__section--list"
    >
      <ul
        className="list-group"
      >
        <li
          className="list-group-item-action list-group-item"
        >
          <div
            className="media"
          >
            <div
              className="media-left"
            >
              <div
                className="avatar-image avatar-image--loaded mr-4"
              >
                <div
                  className="avatar avatar--md avatar-image__image"
                >
                  <div
                    className="avatar__content"
                  >
                    <img
                      alt=""
                      src="avatar"
                    />
                  </div>
                </div>
              </div>
            </div>
            <div
              className="media-body"
            >
              <span
                className="d-flex justify-content-start"
              >
                <i
                  className="fa fa-circle small undefined mr-2 d-flex align-items-center"
                />
                <span
                  className="h6 pb-0 mb-0 d-flex align-items-center"
                >
                  John
                </span>
                <span
                  className="ml-1 small"
                >
                  (23)
                </span>
                <span
                  className="ml-auto small"
                >
                  23/04/2020
                </span>
              </span>
              <p
                className="mt-2 mb-1"
              >
                content
              </p>
            </div>
          </div>
        </li>
      </ul>
    </div>
    <div
      className="extended-dropdown__section text-center"
    >
      View All
      <i
        className="fa fa-angle-right fa-fw ml-2"
      />
    </div>
  </div>
</li>
`;
