// Jest Snapshot v1, https://goo.gl/fbAQLP

exports[`InfoMessage component testing... snapshots default render 1`] = `null`;
